// Jest Snapshot v1, https://goo.gl/fbAQLP

exports[`OfferList correctly renders after relaunch 1`] = `
<div
  className="cities__places-list places__list tabs__content"
>
  <OfferCard
    classCard={
      Object {
        "card": "cities__place-",
        "info": "",
        "list": "cities__places-list places__list tabs__content",
        "wrapper": "cities",
      }
    }
    isFavoriteOffer={false}
    key="0"
    offer={
      Object {
        "id": 0,
        "img": "room.jpg",
        "isFavorite": false,
        "isPremium": false,
        "price": 0,
        "rating": 0,
        "title": "",
        "type": "room",
      }
    }
    offerId={0}
    onActiveOfferMouseEnter={[Function]}
    onDeactiveOfferMouseLeave={[Function]}
    onFavoriteOfferClick={[Function]}
  />
</div>
`;
