// Jest Snapshot v1, https://goo.gl/fbAQLP

exports[`OfferList correctly renders after relaunch 1`] = `
<div
  className="near-places__list places__list"
>
  <OfferCard
    activeOfferMouseEnterHandler={[Function]}
    changeFavoriteOfferClickHandler={[Function]}
    deactiveOfferMouseLeaveHandler={[Function]}
    isNearPlace={true}
    key="0"
    offer={
      Object {
        "id": 0,
        "img": "room.jpg",
        "isFavorite": false,
        "isPremium": false,
        "price": 0,
        "rating": 0,
        "title": "",
        "type": "room",
      }
    }
    offerId={0}
  />
</div>
`;
